../Core/Inc/DEV_Config_h7.h:60:20:DEV_SetPWM	16	static
../Core/Src/LCD_2inch_st7789_v9_dma.c:13:20:lut332_build	4	static
../Core/Src/LCD_2inch_st7789_v9_dma.c:17:20:CS_L	8	static
../Core/Src/LCD_2inch_st7789_v9_dma.c:18:20:CS_H	8	static
../Core/Src/LCD_2inch_st7789_v9_dma.c:19:20:DC_C	8	static
../Core/Src/LCD_2inch_st7789_v9_dma.c:20:20:DC_D	8	static
../Core/Src/LCD_2inch_st7789_v9_dma.c:22:13:wr_cmd	16	static
../Core/Src/LCD_2inch_st7789_v9_dma.c:23:13:wr_dat8	16	static
../Core/Src/LCD_2inch_st7789_v9_dma.c:26:13:begin_memwrite_window	40	static
../Core/Src/LCD_2inch_st7789_v9_dma.c:42:6:LCD_SetBacklight	16	static
../Core/Src/LCD_2inch_st7789_v9_dma.c:43:24:be16	16	static
../Core/Src/LCD_2inch_st7789_v9_dma.c:59:6:LCD_Init	64	static
../Core/Src/LCD_2inch_st7789_v9_dma.c:97:6:LCD_SetRotation	24	static
../Core/Src/LCD_2inch_st7789_v9_dma.c:130:6:LCD_FlushSetSemaphore	16	static
../Core/Src/LCD_2inch_st7789_v9_dma.c:133:20:prep_line	40	static
../Core/Src/LCD_2inch_st7789_v9_dma.c:152:33:kick_dma	16	static
../Core/Src/LCD_2inch_st7789_v9_dma.c:157:13:on_dma_cplt	32	static
../Core/Src/LCD_2inch_st7789_v9_dma.c:189:19:LCD_FlushArea_StartNB	32	static
../Core/Src/LCD_2inch_st7789_v9_dma.c:214:19:LCD_FlushArea_Wait	24	static
